
> nightjar-siem@1.0.0 dev
> vite --host 0.0.0.0 --port 5173 --debug

2026-08-07T12:57:23.974Z vite:config no config file found.
2026-08-07T12:57:23.981Z vite:config using resolved config: {
  root: '/home/ubuntu/nightjar-siem',
  base: '/',
  mode: 'development',
  configFile: undefined,
  logLevel: undefined,
  clearScreen: undefined,
  optimizeDeps: {
    holdUntilCrawlEnd: true,
    force: undefined,
    esbuildOptions: { preserveSymlinks: false }
  },
  server: {
    preTransformRequests: true,
    host: '0.0.0.0',
    port: 5173,
    sourcemapIgnoreList: [Function: isInNodeModules$1],
    middlewareMode: false,
    fs: {
      strict: true,
      allow: [Array],
      deny: [Array],
      cachedChecks: undefined
    }
  },
  configFileDependencies: [],
  inlineConfig: {
    root: undefined,
    base: undefined,
    mode: undefined,
    configFile: undefined,
    logLevel: undefined,
    clearScreen: undefined,
    optimizeDeps: { force: undefined },
    server: { host: '0.0.0.0', port: 5173 }
  },
  decodedBase: '/',
  rawBase: '/',
  resolve: {
    mainFields: [ 'browser', 'module', 'jsnext:main', 'jsnext' ],
    conditions: [],
    extensions: [
      '.mjs',  '.js',
      '.mts',  '.ts',
      '.jsx',  '.tsx',
      '.json'
    ],
    dedupe: [],
    preserveSymlinks: false,
    alias: [ [Object], [Object] ]
  },
  publicDir: '/home/ubuntu/nightjar-siem/public',
  cacheDir: '/home/ubuntu/nightjar-siem/node_modules/.vite',
  command: 'serve',
  ssr: {
    target: 'node',
    optimizeDeps: { noDiscovery: true, esbuildOptions: [Object] }
  },
  isWorker: false,
  mainConfig: null,
  bundleChain: [],
  isProduction: false,
  plugins: [
    'vite:optimized-deps',
    'vite:watch-package-data',
    'vite:pre-alias',
    'alias',
    'vite:modulepreload-polyfill',
    'vite:resolve',
    'vite:html-inline-proxy',
    'vite:css',
    'vite:esbuild',
    'vite:json',
    'vite:wasm-helper',
    'vite:worker',
    'vite:asset',
    'vite:wasm-fallback',
    'vite:define',
    'vite:css-post',
    'vite:worker-import-meta-url',
    'vite:asset-import-meta-url',
    'vite:dynamic-import-vars',
    'vite:import-glob',
    'vite:client-inject',
    'vite:css-analysis',
    'vite:import-analysis'
  ],
  css: { lightningcss: undefined },
  esbuild: { jsxDev: true },
  build: {
    target: [ 'es2020', 'edge88', 'firefox78', 'chrome87', 'safari14' ],
    cssTarget: [ 'es2020', 'edge88', 'firefox78', 'chrome87', 'safari14' ],
    outDir: 'dist',
    assetsDir: 'assets',
    assetsInlineLimit: 4096,
    cssCodeSplit: true,
    sourcemap: false,
    rollupOptions: {},
    minify: 'esbuild',
    terserOptions: {},
    write: true,
    emptyOutDir: null,
    copyPublicDir: true,
    manifest: false,
    lib: false,
    ssr: false,
    ssrManifest: false,
    ssrEmitAssets: false,
    reportCompressedSize: true,
    chunkSizeWarningLimit: 500,
    watch: null,
    commonjsOptions: { include: [Array], extensions: [Array] },
    dynamicImportVarsOptions: { warnOnError: true, exclude: [Array] },
    modulePreload: { polyfill: true },
    cssMinify: true
  },
  preview: {
    port: undefined,
    strictPort: undefined,
    host: '0.0.0.0',
    allowedHosts: undefined,
    https: undefined,
    open: undefined,
    proxy: undefined,
    cors: undefined,
    headers: undefined
  },
  envDir: '/home/ubuntu/nightjar-siem',
  env: {
    VITE_TELEGRAM_BOT_TOKEN: '8964468154:AAE1CK7aN9Rj7JdpTOemiG6WWWf3dB2lOlE',
    VITE_TELEGRAM_CHAT_ID: '8449507380',
    BASE_URL: '/',
    MODE: 'development',
    DEV: true,
    PROD: false
  },
  assetsInclude: [Function: assetsInclude],
  logger: {
    hasWarned: false,
    info: [Function: info],
    warn: [Function: warn],
    warnOnce: [Function: warnOnce],
    error: [Function: error],
    clearScreen: [Function: clearScreen],
    hasErrorLogged: [Function: hasErrorLogged]
  },
  packageCache: Map(1) {
    'fnpd_/home/ubuntu/nightjar-siem' => {
      dir: '/home/ubuntu/nightjar-siem',
      data: [Object],
      hasSideEffects: [Function: hasSideEffects],
      webResolvedImports: {},
      nodeResolvedImports: {},
      setResolvedCache: [Function: setResolvedCache],
      getResolvedCache: [Function: getResolvedCache]
    },
    set: [Function (anonymous)]
  },
  createResolver: [Function: createResolver],
  worker: { format: 'iife', plugins: '() => plugins', rollupOptions: {} },
  appType: 'spa',
  experimental: { importGlobRestoreExtension: false, hmrPartialAccept: false },
  webSocketToken: '7sMa0QKwyFz5',
  additionalAllowedHosts: [ '0.0.0.0', '0.0.0.0' ],
  getSortedPlugins: [Function: getSortedPlugins],
  getSortedPluginHooks: [Function: getSortedPluginHooks]
}
2026-08-07T12:57:23.996Z vite:deps Hash is consistent. Skipping. Use --force to override.

  VITE v5.4.21  ready in 128 ms

  ➜  Local:   http://localhost:5173/
  ➜  Network: http://10.0.250.221:5173/
  ➜  press h + enter to show help
